NAME,SUM_AMOUNT_CASH
Chez rolivet,17197
Chez nachereiner,16899
Chez vheng,16806